03:07:21.242  WARNING: K7JLJ never heard on radio this session -- internet-only evidence
03:07:21.418  speed pinned to Normal (app was at 2; restored on exit)
03:07:21.418  target K7JLJ on 40m; 38 candidates
03:07:21.420  [1] SEND WM8Q: K7JLJ SNR?
  SEND   WM8Q: K7JLJ SNR?
  COST   68 s   check +18.0s / escalate +21.0s / abandon +240.0s

  they are on the air       4.1  ****         0.41
  they can hear us          1.2  *            0.12
  they answer when called   4.5  ****         0.45
  worth calling again yet  10.0  **********+  first call
03:07:43.198      TX-END; deadline 03:07:59
03:07:59.300      VERDICT +16s: K7JLJ is busy or disabled -- retry from the top later
03:07:59.302  [2] SEND WM8Q: @ALLCALL QUERY CALL K7JLJ?
  SEND   WM8Q: @ALLCALL QUERY CALL K7JLJ?
  COST   98 s   check +18.0s / escalate +21.0s / abandon +300.0s

  someone answers this                   2.9  ***          0.29
  how much better it could make things   9.5  **********   best route now 0.010
  we know a route already               10.0  **********+  no
03:08:43.210      TX-END; deadline 03:08:59
03:08:58.002      reply started at 1000 Hz: AK6OI: WM8Q YES
03:08:58.002      answer STARTED +15s -- deadline extended
03:08:58.002      reply started at 1068 Hz: KL7UT: WM8Q YES
03:08:58.002      reply started at 1305 Hz: KB7ITU: WM8Q YES
03:08:58.003      reply started at 940 Hz: K8IMT: WM8Q YES
03:08:58.003      reply started at 1937 Hz: N6GRG: WM8Q YES
03:08:58.003      reply started at 865 Hz: KD6FLM: WM8Q YES
03:08:58.004      reply started at 1175 Hz: K0EMP: WM8Q YES
03:08:58.004      reply started at 2114 Hz: NT5DF: WM8Q YES
03:09:12.156      learned +29s: KD6FLM: WM8Q YES -19 (6D) ♢
03:09:12.326      learned +29s: K8IMT: WM8Q YES -12 (5D) ♢
03:09:12.484      learned +29s: KB7ITU: WM8Q YES -21 (5D) ♢
03:09:12.656      learned +29s: NT5DF: WM8Q YES -18 (15D) ♢
03:09:28.189      learned +45s: K0EMP: WM8Q YES -26 (25D) ♢
03:09:29.300      all 8 started replies finished (5 assembled, 3 died) -- shortcutting 15s
03:09:29.300      replies: 8 started, 5 assembled, 3 died
03:09:29.300      VERDICT +46s: answer started but never assembled -- frames lost -- retry from the top later
03:09:29.303  [3] SEND WM8Q: N6GRG>K7JLJ SNR?
  SEND   WM8Q: N6GRG>K7JLJ SNR?
  COST   218 s   check +18.0s / escalate +21.0s / abandon +240.0s   (the +58s forward is the checkpoint)

  we can raise N6GRG          9.2  *********    0.92
  N6GRG is on the air         9.5  **********   0.95
  N6GRG forwards when asked   7.0  *******      0.70
  target hears N6GRG          1.2  *            0.12
  the reply gets back         3.0  ***          0.30
  target answers at all       4.5  ****         0.45
  toward the target           9.9  **********   0.99
  route length               10.0  **********+  1 hop
03:10:13.175      TX-END; deadline 03:10:29
03:10:15.368      learned +2s: AK6OI: WM8Q YES -07 (11D~~~~~ ♢
03:10:15.551      learned +2s: KL7UT: WM8Q YES -02 (11D~~~~~ ♢
03:10:15.727      learned +3s: KC6UCN: WM8Q YES +02 (24D~~~~~ ♢
03:10:28.364      forward STARTED +15s -- deadline extended
03:10:57.353      forward complete +44s; target has three slots
03:11:44.300      VERDICT +91s: forwarded, but the target never answered -- retry from the top later
03:11:44.303  [4] SEND WM8Q: KD7WPQ>K7JLJ SNR?
  SEND   WM8Q: KD7WPQ>K7JLJ SNR?
  COST   218 s   check +18.0s / escalate +21.0s / abandon +240.0s   (the +58s forward is the checkpoint)

  we can raise KD7WPQ          9.2  *********    0.92
  KD7WPQ is on the air         9.5  **********   0.95
  KD7WPQ forwards when asked   6.9  *******      0.69
  target hears KD7WPQ          1.2  *            0.12
  the reply gets back          3.0  ***          0.30
  target answers at all        4.5  ****         0.45
  toward the target            9.6  **********   0.96
  route length                10.0  **********+  1 hop
03:12:28.184      TX-END; deadline 03:12:44
03:12:44.300      VERDICT +16s: relay silent -- never keyed -- retry from the top later
03:12:44.301  [5] SEND WM8Q: K1KWC>K7JLJ SNR?
  SEND   WM8Q: K1KWC>K7JLJ SNR?
  COST   218 s   check +18.0s / escalate +21.0s / abandon +240.0s   (the +58s forward is the checkpoint)

  we can raise K1KWC          9.2  *********    0.92
  K1KWC is on the air         9.5  **********   0.95
  K1KWC forwards when asked   7.1  *******      0.71
  target hears K1KWC          1.2  *            0.12
  the reply gets back         3.0  ***          0.30
  target answers at all       4.5  ****         0.45
  toward the target           9.0  *********    0.90
  route length               10.0  **********+  1 hop
03:13:28.180      TX-END; deadline 03:13:44
03:13:42.179      forward STARTED +14s -- deadline extended
03:14:13.166      forward complete +45s; target has three slots
03:14:59.300      VERDICT +91s: forwarded, but the target never answered -- retry from the top later
03:14:59.301  [6] SEND WM8Q: WO7I>K7JLJ SNR?
  SEND   WM8Q: WO7I>K7JLJ SNR?
  COST   218 s   check +18.0s / escalate +21.0s / abandon +240.0s   (the +58s forward is the checkpoint)

  we can raise WO7I          9.2  *********    0.92
  WO7I is on the air         9.5  **********   0.95
  WO7I forwards when asked   6.4  ******       0.64
  target hears WO7I          1.2  *            0.12
  the reply gets back        3.0  ***          0.30
  target answers at all      4.5  ****         0.45
  toward the target          9.9  **********   0.99
  route length              10.0  **********+  1 hop
03:15:43.169      TX-END; deadline 03:15:59
03:15:58.158      forward STARTED +15s -- deadline extended
03:16:18.176      forward complete +35s; target has three slots
03:17:14.300      VERDICT +91s: forwarded, but the target never answered -- retry from the top later
03:17:14.300  NOT REACHED after 6 transmissions (593s total) -- verdict: busy or disabled; retry from the top later (rerun this command)
03:17:14.322  speed restored to 2 -- done
16:50:25 [SNRTEST] start band=20m period=15s mygrid=DN61OK targets=25
16:50:25 [SNRTEST]   N1MAG      DM79QJ      292 km
16:50:25 [SNRTEST]   WH6HJH-RX  DM78PU      337 km
16:50:25 [SNRTEST]   KG7RXU     DN55NG      458 km
16:50:25 [SNRTEST]   KJ7ROX     DM44II      881 km
16:50:25 [SNRTEST]   W5SDR      DM72DV      955 km
16:50:25 [SNRTEST]   K5SRL      EM04SR85HK   1042 km
16:50:25 [SNRTEST]   VE4TIM     EN19RL     1197 km
16:50:25 [SNRTEST]   VE4DRK     EN19LU     1202 km
16:50:25 [SNRTEST]   VE4TM      EN19QQ     1209 km
16:50:25 [SNRTEST]   KC7VQR     CN96RP     1240 km
16:50:25 [SNRTEST]   K7RIE      CN96OU     1267 km
16:50:25 [SNRTEST]   W6MFB/FULLERTON DM13BU     1288 km
16:50:25 [SNRTEST]   N7EAL      DM03UU     1316 km
16:50:25 [SNRTEST]   KC7IMD     CN85NN09   1373 km
16:50:25 [SNRTEST]   N9EAT      EN41WT     1384 km
16:50:25 [SNRTEST]   K9IMM      EN52CV     1408 km
16:50:25 [SNRTEST]   KC0KVR     EM48RP     1415 km
16:50:25 [SNRTEST]   KD7HGL     CN87TS     1417 km
16:50:25 [SNRTEST]   VE6JXN     DO33EP     1450 km
16:50:25 [SNRTEST]   KI6HQT     EM10DG     1485 km
16:50:25 [SNRTEST]   VE7OES     CN88HK     1515 km
16:50:25 [SNRTEST]   NO9G       EN51VV     1541 km
16:50:25 [SNRTEST]   VA3ROM     EN58JK     1583 km
16:50:25 [SNRTEST]   KC9VFR     EN61LO     1641 km
16:50:25 [SNRTEST]   WA9TDD     EM79FE10   1814 km
16:50:25 [SNRTEST] (1/25) -> N1MAG SNR?  (292 km)
16:51:32 [SNRTEST]   silent (49s)
16:51:32 [SNRTEST] (2/25) -> WH6HJH-RX SNR?  (337 km)
16:53:02 [SNRTEST]   silent (49s)
16:53:02 [SNRTEST] (3/25) -> KG7RXU SNR?  (458 km)
16:54:17 [SNRTEST]   silent (49s)
16:54:17 [SNRTEST] (4/25) -> KJ7ROX SNR?  (881 km)
16:55:32 [SNRTEST]   silent (49s)
16:55:32 [SNRTEST] (5/25) -> W5SDR SNR?  (955 km)
16:56:12 [SNRTEST]   REPLY W5SDR +13.8s (start period ~1) snr=-13
16:56:12 [SNRTEST] (6/25) -> K5SRL SNR?  (1042 km)
16:57:17 [SNRTEST]   silent (49s)
16:57:17 [SNRTEST] (7/25) -> VE4TIM SNR?  (1197 km)
16:57:57 [SNRTEST]   REPLY VE4TIM +13.8s (start period ~1) snr=-11
16:57:57 [SNRTEST] (8/25) -> VE4DRK SNR?  (1202 km)
16:59:02 [SNRTEST]   silent (49s)
16:59:02 [SNRTEST] (9/25) -> VE4TM SNR?  (1209 km)
16:59:42 [SNRTEST]   REPLY VE4TM +13.8s (start period ~1) snr=-5
16:59:42 [SNRTEST] (10/25) -> KC7VQR SNR?  (1240 km)
17:00:47 [SNRTEST]   silent (49s)
17:00:47 [SNRTEST] (11/25) -> K7RIE SNR?  (1267 km)
17:02:02 [SNRTEST]   silent (49s)
17:02:02 [SNRTEST] (12/25) -> W6MFB/FULLERTON SNR?  (1288 km)
17:03:32 [SNRTEST]   silent (49s)
17:03:32 [SNRTEST] (13/25) -> N7EAL SNR?  (1316 km)
17:04:47 [SNRTEST]   silent (49s)
17:04:47 [SNRTEST] (14/25) -> KC7IMD SNR?  (1373 km)
17:06:02 [SNRTEST]   silent (49s)
17:06:02 [SNRTEST] (15/25) -> N9EAT SNR?  (1384 km)
17:07:17 [SNRTEST]   silent (49s)
17:07:17 [SNRTEST] (16/25) -> K9IMM SNR?  (1408 km)
17:08:32 [SNRTEST]   silent (49s)
17:08:32 [SNRTEST] (17/25) -> KC0KVR SNR?  (1415 km)
17:09:47 [SNRTEST]   silent (49s)
17:09:47 [SNRTEST] (18/25) -> KD7HGL SNR?  (1417 km)
17:11:02 [SNRTEST]   silent (49s)
17:11:02 [SNRTEST] (19/25) -> VE6JXN SNR?  (1450 km)
17:11:42 [SNRTEST]   REPLY VE6JXN +13.8s (start period ~1) snr=-2
17:11:42 [SNRTEST] (20/25) -> KI6HQT SNR?  (1485 km)
17:12:47 [SNRTEST]   silent (49s)
17:12:47 [SNRTEST] (21/25) -> VE7OES SNR?  (1515 km)
17:14:02 [SNRTEST]   silent (49s)
17:14:02 [SNRTEST] (22/25) -> NO9G SNR?  (1541 km)
17:15:17 [SNRTEST]   silent (49s)
17:15:17 [SNRTEST] (23/25) -> VA3ROM SNR?  (1583 km)
17:16:32 [SNRTEST]   silent (49s)
17:16:32 [SNRTEST] (24/25) -> KC9VFR SNR?  (1641 km)
17:17:47 [SNRTEST]   silent (49s)
17:17:47 [SNRTEST] (25/25) -> WA9TDD SNR?  (1814 km)
17:18:27 [SNRTEST]   REPLY WA9TDD +13.8s (start period ~1) snr=-1
17:18:27 [SNRTEST] DONE: 25 asked, 5 answered (20%)
17:18:27 [SNRTEST]   start period 1: 5
17:18:27 [SNRTEST]   start period 2: 0
17:18:27 [SNRTEST]   start period 3: 0
17:18:27 [SNRTEST]   nearest answer W5SDR 955km, farthest WA9TDD 1814km
17:48:19 [SNRTEST] start band=40m period=15s mygrid=DN61OK targets=25
17:48:19 [SNRTEST]   N0AIU      DM79KT      229 km
17:48:19 [SNRTEST]   WB7TSQ     DN30XM      452 km
17:48:19 [SNRTEST]   WA1TYB     DN46BO      703 km
17:48:19 [SNRTEST]   KL7UT      DN35BE      708 km
17:48:19 [SNRTEST]   KS1DMD     EM07PP      811 km
17:48:19 [SNRTEST]   W7YSB      DM44XE      855 km
17:48:19 [SNRTEST]   K8JOK      EN14KV08    872 km
17:48:19 [SNRTEST]   KJ7ROX     DM44II      881 km
17:48:19 [SNRTEST]   KS0TOR     EM17GR      899 km
17:48:19 [SNRTEST]   WH6AKZ     EN21AC      906 km
17:48:19 [SNRTEST]   KK7UMM     DM33WV      961 km
17:48:19 [SNRTEST]   ND7M       DM16XF      988 km
17:48:19 [SNRTEST]   KI4RXJ     EM28GX     1000 km
17:48:19 [SNRTEST]   K5TRB      EM15FL     1042 km
17:48:19 [SNRTEST]   N0MTV      EM29SC     1077 km
17:48:19 [SNRTEST]   KD7WPQ     DN18RH54   1082 km
17:48:19 [SNRTEST]   WX5OKE     EM26EJ     1116 km
17:48:19 [SNRTEST]   N6CYB      EM26UV88   1189 km
17:48:19 [SNRTEST]   KF0DRT     EN35MH     1196 km
17:48:19 [SNRTEST]   VE4DRK     EN19LU     1202 km
17:48:19 [SNRTEST]   KV5R       EM02WT     1227 km
17:48:19 [SNRTEST]   W0MQD      EM38QW     1234 km
17:48:19 [SNRTEST]   KN6OEH     DM13HV     1252 km
17:48:19 [SNRTEST]   N0AAS      EM38UT23UA   1265 km
17:48:19 [SNRTEST]   WA6PZB     DM03XS77   1305 km
17:48:19 [SNRTEST] (1/25) -> N0AIU SNR?  (229 km)
17:49:32 [SNRTEST]   silent (3 periods)
17:49:32 [SNRTEST] (2/25) -> WB7TSQ SNR?  (452 km) [pipelined]
17:49:57 [SNRTEST]   REPLY WB7TSQ +13.8s (start period ~1) snr=10
17:49:57 [SNRTEST] (3/25) -> WA1TYB SNR?  (703 km)
17:50:42 [SNRTEST]   REPLY WA1TYB +28.8s (start period ~2) snr=9
17:50:42 [SNRTEST] (4/25) -> KL7UT SNR?  (708 km)
17:51:12 [SNRTEST]   REPLY KL7UT +13.8s (start period ~1) snr=8
17:51:12 [SNRTEST] (5/25) -> KS1DMD SNR?  (811 km)
17:51:42 [SNRTEST]   REPLY KS1DMD +13.8s (start period ~1) snr=0
17:51:42 [SNRTEST] (6/25) -> W7YSB SNR?  (855 km)
17:52:12 [SNRTEST]   REPLY W7YSB +13.8s (start period ~1) snr=-2
17:52:12 [SNRTEST] (7/25) -> K8JOK SNR?  (872 km)
17:52:42 [SNRTEST]   REPLY K8JOK +13.8s (start period ~1) snr=4
17:52:42 [SNRTEST] (8/25) -> KJ7ROX SNR?  (881 km)
17:53:10 [SNRTEST]   REPLY KJ7ROX +11.8s (start period ~1) snr=-1
17:53:10 [SNRTEST] (9/25) -> KS0TOR SNR?  (899 km)
17:53:42 [SNRTEST]   REPLY KS0TOR +13.8s (start period ~1) snr=-8
17:53:42 [SNRTEST] (10/25) -> WH6AKZ SNR?  (906 km)
17:54:47 [SNRTEST]   silent (3 periods)
17:54:47 [SNRTEST] (11/25) -> KK7UMM SNR?  (961 km) [pipelined]
17:55:13 [SNRTEST]   REPLY KK7UMM +14.8s (start period ~1) snr=-23
17:55:13 [SNRTEST] (12/25) -> ND7M SNR?  (988 km)
17:55:38 [SNRTEST]   REPLY ND7M +9.8s (start period ~1) snr=-2
17:55:38 [SNRTEST] (13/25) -> KI4RXJ SNR?  (1000 km)
17:56:12 [SNRTEST]   REPLY KI4RXJ +13.8s (start period ~1) snr=1
17:56:12 [SNRTEST] (14/25) -> K5TRB SNR?  (1042 km)
17:57:17 [SNRTEST]   silent (3 periods)
17:57:17 [SNRTEST] (15/25) -> N0MTV SNR?  (1077 km) [pipelined]
17:57:42 [SNRTEST]   REPLY N0MTV +13.8s (start period ~1) snr=-5
17:57:42 [SNRTEST] (16/25) -> KD7WPQ SNR?  (1082 km)
17:58:12 [SNRTEST]   REPLY KD7WPQ +13.8s (start period ~1) snr=-15
17:58:12 [SNRTEST] (17/25) -> WX5OKE SNR?  (1116 km)
17:59:17 [SNRTEST]   silent (3 periods)
17:59:17 [SNRTEST] (18/25) -> N6CYB SNR?  (1189 km) [pipelined]
17:59:42 [SNRTEST]   REPLY N6CYB +13.8s (start period ~1) snr=-6
17:59:42 [SNRTEST] (19/25) -> KF0DRT SNR?  (1196 km)
18:00:12 [SNRTEST]   REPLY KF0DRT +13.8s (start period ~1) snr=-17
18:00:12 [SNRTEST] (20/25) -> VE4DRK SNR?  (1202 km)
18:01:17 [SNRTEST]   silent (3 periods)
18:01:17 [SNRTEST] (21/25) -> KV5R SNR?  (1227 km) [pipelined]
18:01:42 [SNRTEST]   REPLY KV5R +13.8s (start period ~1) snr=-8
18:01:42 [SNRTEST] (22/25) -> W0MQD SNR?  (1234 km)
18:02:47 [SNRTEST]   silent (3 periods)
18:02:47 [SNRTEST] (23/25) -> KN6OEH SNR?  (1252 km) [pipelined]
18:03:12 [SNRTEST]   REPLY KN6OEH +13.8s (start period ~1) snr=-12
18:03:12 [SNRTEST] (24/25) -> N0AAS SNR?  (1265 km)
18:03:39 [SNRTEST]   REPLY N0AAS +10.8s (start period ~1) snr=-12
18:03:39 [SNRTEST] (25/25) -> WA6PZB SNR?  (1305 km)
18:04:47 [SNRTEST]   silent (3 periods)
18:04:47 [SNRTEST] DONE: 25 asked, 18 answered (72%)
18:04:47 [SNRTEST]   start period 1: 17
18:04:47 [SNRTEST]   start period 2: 1
18:04:47 [SNRTEST]   start period 3: 0
18:04:47 [SNRTEST]   nearest answer WB7TSQ 452km, farthest N0AAS 1265km
18:04:47 [SNRTEST] waiting 240s for PSKR batches, then verifying silent targets...
18:08:47 [SNRTEST]   silent N0AIU: no PSKR evidence they heard us
18:08:47 [SNRTEST]   silent WH6AKZ: PSKR: HEARD US (spotted -15 dB) and stayed silent
18:08:47 [SNRTEST]   silent K5TRB: no PSKR evidence they heard us
18:08:47 [SNRTEST]   silent WX5OKE: no PSKR evidence they heard us
18:08:47 [SNRTEST]   silent VE4DRK: no PSKR evidence they heard us
18:08:47 [SNRTEST]   silent W0MQD: no PSKR evidence they heard us
18:08:47 [SNRTEST]   silent WA6PZB: no PSKR evidence they heard us
18:08:47 [SNRTEST] complete.
